exports[`LectureItem renders correctly 1`] = `
<View
  style={
    Object {
      "alignItems": "flex-start",
      "borderBottomWidth": 1,
      "borderColor": "#ddd",
      "flex": 1,
      "flexDirection": "row",
      "justifyContent": "flex-start"
    }
  }>
  <View
    style={
      Object {
        "alignItems": "center",
        "borderColor": "#ddd",
        "borderRightWidth": 1,
        "flex": 1,
        "height": 48,
        "justifyContent": "center"
      }
    }>
    <Text
      accessible={true}
      allowFontScaling={true}
      ellipsizeMode="tail"
      style={
        Array [
          Object {
            "color": "#525252",
            "fontSize": 14,
            "fontWeight": "600"
          },
          Object {}
        ]
      }>
      1
    </Text>
  </View>
  <View
    style={
      Array [
        Object {
          "alignItems": "center",
          "flex": 1,
          "flexDirection": "column",
          "height": 48,
          "justifyContent": "center"
        },
        Object {}
      ]
    }>
    <View
      style={
        Object {
          "flex": 1,
          "justifyContent": "center"
        }
      }>
      <Text
        accessible={true}
        allowFontScaling={false}
        ellipsizeMode="tail"
        style={
          Array [
            Object {
              "color": undefined,
              "fontFamily": "Material Icons",
              "fontSize": 12,
              "fontStyle": "normal",
              "fontWeight": "normal"
            },
            Object {
              "color": "#525252",
              "fontSize": 15
            }
          ]
        }>
        
      </Text>
    </View>
    <Duration
      containerStyleId={
        Object {
          "flex": 1
        }
      }
      durationStyleId={
        Object {
          "backgroundColor": "#f2f2f2",
          "fontSize": 8,
          "fontWeight": "bold",
          "padding": 3,
          "textAlign": "center"
        }
      }
      estimatedTime={30} />
  </View>
  <View
    accessibilityComponentType={undefined}
    accessibilityLabel={undefined}
    accessibilityTraits={undefined}
    accessible={true}
    hitSlop={undefined}
    onLayout={undefined}
    onResponderGrant={[Function bound touchableHandleResponderGrant]}
    onResponderMove={[Function bound touchableHandleResponderMove]}
    onResponderRelease={[Function bound touchableHandleResponderRelease]}
    onResponderTerminate={[Function bound touchableHandleResponderTerminate]}
    onResponderTerminationRequest={[Function bound touchableHandleResponderTerminationRequest]}
    onStartShouldSetResponder={[Function bound touchableHandleStartShouldSetResponder]}
    style={
      Object {
        "alignItems": "flex-start",
        "flex": 5,
        "height": 48,
        "justifyContent": "center",
        "opacity": 1
      }
    }
    testID={undefined}>
    <Text
      accessible={true}
      allowFontScaling={true}
      ellipsizeMode="tail"
      style={
        Array [
          Object {
            "color": "#525252",
            "fontSize": 12,
            "fontWeight": "bold"
          },
          Object {}
        ]
      }>
      Title
    </Text>
  </View>
  <View
    accessibilityComponentType={undefined}
    accessibilityLabel={undefined}
    accessibilityTraits={undefined}
    accessible={true}
    hitSlop={undefined}
    onLayout={undefined}
    onResponderGrant={[Function bound touchableHandleResponderGrant]}
    onResponderMove={[Function bound touchableHandleResponderMove]}
    onResponderRelease={[Function bound touchableHandleResponderRelease]}
    onResponderTerminate={[Function bound touchableHandleResponderTerminate]}
    onResponderTerminationRequest={[Function bound touchableHandleResponderTerminationRequest]}
    onStartShouldSetResponder={[Function bound touchableHandleStartShouldSetResponder]}
    style={
      Object {
        "alignItems": "center",
        "flex": 1,
        "height": 48,
        "justifyContent": "center",
        "opacity": 1
      }
    }
    testID={undefined}>
    <Text
      accessible={true}
      allowFontScaling={false}
      ellipsizeMode="tail"
      style={
        Array [
          Object {
            "color": undefined,
            "fontFamily": "Material Icons",
            "fontSize": 12,
            "fontStyle": "normal",
            "fontWeight": "normal"
          },
          Object {
            "color": "#757575",
            "fontSize": 32
          }
        ]
      }>
      
    </Text>
  </View>
</View>
`;
