exports[`LectureItem renders correctly 1`] = `
<View
  style={
    Object {
      "alignItems": "flex-start",
      "borderBottomWidth": 1,
      "borderColor": "#ddd",
      "flex": 1,
      "flexDirection": "row",
      "justifyContent": "flex-start",
    }
  }>
  <View
    style={
      Object {
        "alignItems": "center",
        "borderColor": "#ddd",
        "borderRightWidth": 1,
        "flex": 1,
        "height": 48,
        "justifyContent": "center",
      }
    }>
    <Text
      accessible={true}
      allowFontScaling={true}
      ellipsizeMode="tail"
      style={
        Array [
          Object {
            "color": "#525252",
            "fontSize": 14,
            "fontWeight": "600",
          },
          Object {},
        ]
      }>
      1
    </Text>
  </View>
  <View
    style={
      Array [
        Object {
          "alignItems": "center",
          "flex": 1,
          "flexDirection": "column",
          "height": 48,
          "justifyContent": "center",
        },
        Object {},
      ]
    }>
    <View
      style={
        Object {
          "flex": 1,
          "justifyContent": "center",
        }
      }>
      <Text
        accessible={true}
        allowFontScaling={false}
        ellipsizeMode="tail"
        style={
          Array [
            Object {
              "color": undefined,
              "fontSize": 12,
            },
            Object {
              "color": "#525252",
              "fontSize": 15,
            },
            Object {
              "fontFamily": "Material Icons",
              "fontStyle": "normal",
              "fontWeight": "normal",
            },
          ]
        }>
        
      </Text>
    </View>
    <Duration
      containerStyleId={
        Object {
          "flex": 1,
        }
      }
      durationStyleId={
        Object {
          "backgroundColor": "#f2f2f2",
          "fontSize": 8,
          "fontWeight": "bold",
          "padding": 3,
          "textAlign": "center",
        }
      }
      estimatedTime={30} />
  </View>
  <TouchableOpacity
    activeOpacity={0.2}
    disabled={false}
    onPress={[Function]}
    style={
      Array [
        Object {
          "alignItems": "flex-start",
          "flex": 5,
          "height": 48,
          "justifyContent": "center",
        },
        Object {},
      ]
    }>
    <Text
      accessible={true}
      allowFontScaling={true}
      ellipsizeMode="tail"
      style={
        Array [
          Object {
            "color": "#525252",
            "fontSize": 12,
            "fontWeight": "bold",
          },
          Object {},
        ]
      }>
      Title
    </Text>
  </TouchableOpacity>
  <TouchableOpacity
    activeOpacity={0.2}
    onPress={[Function]}
    style={
      Object {
        "alignItems": "center",
        "flex": 1,
        "height": 48,
        "justifyContent": "center",
      }
    }>
    <Text
      accessible={true}
      allowFontScaling={false}
      ellipsizeMode="tail"
      style={
        Array [
          Object {
            "color": undefined,
            "fontSize": 12,
          },
          Object {
            "color": "#757575",
            "fontSize": 32,
          },
          Object {
            "fontFamily": "Material Icons",
            "fontStyle": "normal",
            "fontWeight": "normal",
          },
        ]
      }>
      
    </Text>
  </TouchableOpacity>
</View>
`;
