// Jest Snapshot v1, https://goo.gl/fbAQLP

exports[`OfflineLecture renders correctly 1`] = `
<View
  style={
    Array [
      1,
      Object {
        "alignItems": "center",
        "justifyContent": "center",
      },
    ]
  }
>
  <View>
    <Text
      accessible={true}
      allowFontScaling={true}
      disabled={false}
      ellipsizeMode="tail"
      style={
        Object {
          "color": "#222",
          "fontSize": 17,
          "lineHeight": 22,
          "textAlign": "center",
        }
      }
    >
      
    </Text>
  </View>
</View>
`;
