// Jest Snapshot v1, https://goo.gl/fbAQLP

exports[`Progress renders correctly 1`] = `
<View
  style={
    Object {
      "flex": 1,
      "justifyContent": "center",
    }
  }
>
  <Text
    accessible={true}
    allowFontScaling={true}
    disabled={false}
    ellipsizeMode="tail"
    style={
      Object {
        "color": "#4a4a4a",
        "marginBottom": 5,
      }
    }
  >
    0/10 
  </Text>
  <ProgressBar
    progress={0}
  />
</View>
`;
