// Jest Snapshot v1, https://goo.gl/fbAQLP

exports[`Section renders correctly 1`] = `
<View
  style={
    Object {
      "alignItems": "flex-start",
      "backgroundColor": "#F5F5F5",
      "borderBottomWidth": 1,
      "borderColor": "#ddd",
      "flexDirection": "row",
      "justifyContent": "flex-start",
      "padding": 7,
    }
  }
>
  <Text
    accessible={true}
    allowFontScaling={true}
    ellipsizeMode="tail"
    style={
      Object {
        "color": "#4a4a4a",
        "fontSize": 14,
      }
    }
  >
    Title
  </Text>
</View>
`;
