exports[`Slide renders correctly 1`] = `
<View
  style={
    Object {
      "alignItems": "center",
      "backgroundColor": "white",
      "flex": 1,
      "justifyContent": "center",
    }
  }>
  <View
    style={
      Object {
        "backgroundColor": "#ecf1f3",
        "flex": 2,
      }
    }>
    <Image
      resizeMode="contain"
      source={undefined}
      style={
        Object {
          "flex": -1,
          "justifyContent": "center",
          "marginBottom": 30,
          "marginTop": 90,
          "width": 375,
        }
      } />
  </View>
  <View
    style={
      Object {
        "alignItems": "center",
        "flex": 1,
        "justifyContent": "flex-start",
        "opacity": 0.6,
        "padding": 25,
      }
    }>
    <View
      linkStyle={
        Object {
          "color": "#2980b9",
        }
      }
      linkText={[Function]}
      onPress={[Function]}
      style={
        Object {
          "flex": 1,
        }
      }>
      <Text
        accessible={true}
        allowFontScaling={true}
        ellipsizeMode="tail"
        style={
          Object {
            "color": "#222",
            "fontSize": 17,
            "lineHeight": 22,
            "textAlign": "center",
          }
        } />
    </View>
  </View>
</View>
`;
